brittneyjackson@Brittneys-MacBook-Pro:~/Desktop/DojoAssignments/WebFundamentals/Git/Git Chapter assignments$ mkdir GitHubRepoAssignment
brittneyjackson@Brittneys-MacBook-Pro:~/Desktop/DojoAssignments/WebFundamentals/Git/Git Chapter assignments$ cd GitHubRepoAssignment/
brittneyjackson@Brittneys-MacBook-Pro:~/Desktop/DojoAssignments/WebFundamentals/Git/Git Chapter assignments/GitHubRepoAssignment$ git init
Initialized empty Git repository in /Users/brittneyjackson/Desktop/DojoAssignments/WebFundamentals/Git/Git Chapter assignments/GitHubRepoAssignment/.git/
brittneyjackson@Brittneys-MacBook-Pro:~/Desktop/DojoAssignments/WebFundamentals/Git/Git Chapter assignments/GitHubRepoAssignment$ touch readme.md
brittneyjackson@Brittneys-MacBook-Pro:~/Desktop/DojoAssignments/WebFundamentals/Git/Git Chapter assignments/GitHubRepoAssignment$ git status
On branch master

No commits yet

Untracked files:
  (use "git add <file>..." to include in what will be committed)

	readme.md

nothing added to commit but untracked files present (use "git add" to track)
brittneyjackson@Brittneys-MacBook-Pro:~/Desktop/DojoAssignments/WebFundamentals/Git/Git Chapter assignments/GitHubRepoAssignment$ git add readme.md 
brittneyjackson@Brittneys-MacBook-Pro:~/Desktop/DojoAssignments/WebFundamentals/Git/Git Chapter assignments/GitHubRepoAssignment$ git commit -m "repo asssignment"
[master (root-commit) efe74ca] repo asssignment
 1 file changed, 0 insertions(+), 0 deletions(-)
 create mode 100644 readme.md
brittneyjackson@Brittneys-MacBook-Pro:~/Desktop/DojoAssignments/WebFundamentals/Git/Git Chapter assignments/GitHubRepoAssignment$ git remote add origin https://github.com/BeeJay5683/GitHubRepoAssignment.git
brittneyjackson@Brittneys-MacBook-Pro:~/Desktop/DojoAssignments/WebFundamentals/Git/Git Chapter assignments/GitHubRepoAssignment$ git push -u origin master
Counting objects: 3, done.
Writing objects: 100% (3/3), 215 bytes | 215.00 KiB/s, done.
Total 3 (delta 0), reused 0 (delta 0)
To https://github.com/BeeJay5683/GitHubRepoAssignment.git
 * [new branch]      master -> master
Branch master set up to track remote branch master from origin.